// Jest Snapshot v1, https://goo.gl/fbAQLP

exports[`parseEventString() throws for event with invalid subtype by default 1`] = `"invalid subtype in event "my.type#not-a-number". subtype "not-a-number" is not a number"`;
